Launching lib\main.dart on sdk gphone64 x86 64 in debug mode...
Running Gradle task 'assembleDebug'...                              4.2s
ΓêÜ Built build\app\outputs\flutter-apk\app-debug.apk
Installing build\app\outputs\flutter-apk\app-debug.apk...        1,510ms
D/FlutterJNI(13114): Beginning load of flutter...
D/FlutterJNI(13114): flutter (null) was loaded normally!
I/flutter (13114): [IMPORTANT:flutter/shell/platform/android/android_context_gl_impeller.cc(104)] Using the Impeller rendering backend (OpenGLES).
D/com.llfbandit.app_links(13114): Intent { act=android.intent.action.MAIN cat=[android.intent.category.LAUNCHER] flg=0x30000000 xflg=0x4 cmp=com.example.psgmx_placement_prep/.MainActivity (has extras) }
Syncing files to device sdk gphone64 x86 64...                  
I/_placement_prep(13114): hiddenapi: Accessing hidden method Landroid/view/accessibility/AccessibilityNodeInfo;->getSourceNodeId()J (runtime_flags=0, domain=platform, api=unsupported,test-api) from Lio/flutter/view/AccessibilityViewEmbedder$ReflectionAccessors; (domain=app, TargetSdkVersion=36) using reflection: allowed
I/_placement_prep(13114): hiddenapi: Accessing hidden method Landroid/view/accessibility/AccessibilityRecord;->getSourceNodeId()J (runtime_flags=0, domain=platform, api=unsupported) from Lio/flutter/view/AccessibilityViewEmbedder$ReflectionAccessors; (domain=app, TargetSdkVersion=36) using reflection: allowed
I/_placement_prep(13114): hiddenapi: Accessing hidden field Landroid/view/accessibility/AccessibilityNodeInfo;->mChildNodeIds:Landroid/util/LongArray; (runtime_flags=0, domain=platform, api=unsupported) from Lio/flutter/view/AccessibilityViewEmbedder$ReflectionAccessors; (domain=app, TargetSdkVersion=36) using reflection: allowed
I/_placement_prep(13114): hiddenapi: Accessing hidden method Landroid/util/LongArray;->get(I)J (runtime_flags=0, domain=platform, api=unsupported) from Lio/flutter/view/AccessibilityViewEmbedder$ReflectionAccessors; (domain=app, TargetSdkVersion=36) using reflection: allowed
Syncing files to device sdk gphone64 x86 64...                     135ms

Flutter run key commands.
r Hot reload. 
R Hot restart.
h List all available interactive commands.
d Detach (terminate "flutter run" but leave application running).
c Clear the screen
q Quit (terminate the application on the device).

A Dart VM Service on sdk gphone64 x86 64 is available at: http://127.0.0.1:62660/02x0VNwKuKo=/
The Flutter DevTools debugger and profiler on sdk gphone64 x86 64 is available at: http://127.0.0.1:62660/02x0VNwKuKo=/devtools/?uri=ws://127.0.0.1:62660/02x0VNwKuKo=/ws
D/CompatChangeReporter(13114): Compat change id reported: 377864165; UID 10227; state: ENABLED
W/HWUI    (13114): Unknown dataspace 0
I/flutter (13114): supabase.supabase_flutter: INFO: ***** Supabase init completed ***** 
I/flutter (13114): [UserProvider] Initializing...
I/flutter (13114): [UserProvider] Current Supabase user: null
I/flutter (13114): [UserProvider] No user signed in
I/flutter (13114): [Router] Redirect check - URI: /
I/flutter (13114): [Router] User not authenticated, redirecting to /login
I/flutter (13114): [UserProvider] Auth state changed: null
I/flutter (13114): [UserProvider] User signed out
I/flutter (13114): [Router] Redirect check - URI: /login
I/Choreographer(13114): Skipped 129 frames!  The application may be doing too much work on its main thread.
D/WindowOnBackDispatcher(13114): setTopOnBackInvokedCallback (unwrapped): android.app.Activity$$ExternalSyntheticLambda0@3c31538
I/_placement_prep(13114): Compiler allocated 5082KB to compile void android.view.ViewRootImpl.performTraversals()
I/WindowExtensionsImpl(13114): Initializing Window Extensions, vendor API level=9, activity embedding enabled=true
D/VRI[MainActivity](13114): WindowInsets changed: 1080x2424 statusBars:[0,142,0,0] navigationBars:[0,0,0,63] mandatorySystemGestures:[0,174,0,84] 
D/ProfileInstaller(13114): Installing profile for com.example.psgmx_placement_prep
I/Choreographer(13114): Skipped 48 frames!  The application may be doing too much work on its main thread.
I/HWUI    (13114): Davey! duration=871ms; Flags=1, FrameTimelineVsyncId=83807, IntendedVsync=5406386008604, Vsync=5407186008572, InputEventId=0, HandleInputStart=5407193322000, AnimationStart=5407193347000, PerformTraversalsStart=5407193368700, DrawStart=5407201134100, FrameDeadline=5406402675270, FrameStartTime=5407191765000, FrameInterval=16666666, WorkloadTarget=16666666, SyncQueued=5407201814200, SyncStart=5407202165600, IssueDrawCommandsStart=5407202279200, SwapBuffers=5407233081600, FrameCompleted=5407257702500, DequeueBufferDuration=22237500, QueueBufferDuration=404800, GpuCompleted=5407237428200, SwapBuffersCompleted=5407257702500, DisplayPresentTime=0, CommandSubmissionCompleted=5407233081600, 
D/WindowLayoutComponentImpl(13114): Register WindowLayoutInfoListener on Context=com.example.psgmx_placement_prep.MainActivity@eb02575, of which baseContext=android.app.ContextImpl@65b136b
D/InsetsController(13114): hide(ime())
I/ImeTracker(13114): com.example.psgmx_placement_prep:5aeea2c0: onCancelled at PHASE_CLIENT_ALREADY_HIDDEN
W/_placement_prep(13114): userfaultfd: MOVE ioctl seems unsupported: Connection timed out
Lost connection to device.
